// Jest Snapshot v1, https://goo.gl/fbAQLP

exports[`test styles should match snapshot 1`] = `
Object {
  "StyledTitle": [Function],
}
`;
