// Jest Snapshot v1, https://goo.gl/fbAQLP

exports[`Page should match snapshot 1`] = `
<body>
  <div>
    <div
      class="sc-bdVaJa gbxZqW"
    >
      <h1>
        Hello World
      </h1>
    </div>
  </div>
</body>
`;
