// Jest Snapshot v1, https://goo.gl/fbAQLP

exports[`App should match snapshot 1`] = `
<body>
  <div>
    <div>
      <header>
        <p>
          Edit 
          <code>
            src/App.js
          </code>
           and save to reload.
        </p>
      </header>
    </div>
  </div>
</body>
`;
